// Jest Snapshot v1, https://goo.gl/fbAQLP

exports[`renders correctly 1`] = `
<div
  className="app"
>
  <div
    className="header"
  >
    <svg
      data-file-name="SvgIcon"
    />
    <h1
      className="title"
    >
      React App
    </h1>
  </div>
  <div
    className="content"
  >
    <p>
      To get started, edit 
      <code>
        src/views/App.js
      </code>
      .
    </p>
  </div>
</div>
`;
